Archive member included to satisfy reference by file (symbol)

c:/users/omar/desktop/arm_stm32f401/tools/arm gcc/bin/../lib/gcc/arm-none-eabi/5.4.1/armv7e-m\libgcc.a(_aeabi_uldivmod.o)
                              ./system/src/stm32f4-hal/stm32f4xx_hal_rcc.o (__aeabi_uldivmod)
c:/users/omar/desktop/arm_stm32f401/tools/arm gcc/bin/../lib/gcc/arm-none-eabi/5.4.1/armv7e-m\libgcc.a(_udivmoddi4.o)
                              c:/users/omar/desktop/arm_stm32f401/tools/arm gcc/bin/../lib/gcc/arm-none-eabi/5.4.1/armv7e-m\libgcc.a(_aeabi_uldivmod.o) (__udivmoddi4)
c:/users/omar/desktop/arm_stm32f401/tools/arm gcc/bin/../lib/gcc/arm-none-eabi/5.4.1/armv7e-m\libgcc.a(_dvmd_tls.o)
                              c:/users/omar/desktop/arm_stm32f401/tools/arm gcc/bin/../lib/gcc/arm-none-eabi/5.4.1/armv7e-m\libgcc.a(_aeabi_uldivmod.o) (__aeabi_ldiv0)
c:/users/omar/desktop/arm_stm32f401/tools/arm gcc/bin/../lib/gcc/arm-none-eabi/5.4.1/../../../../arm-none-eabi/lib/armv7e-m\libg_nano.a(lib_a-errno.o)
                              ./system/src/newlib/sbrk.o (__errno)
c:/users/omar/desktop/arm_stm32f401/tools/arm gcc/bin/../lib/gcc/arm-none-eabi/5.4.1/../../../../arm-none-eabi/lib/armv7e-m\libg_nano.a(lib_a-impure.o)
                              c:/users/omar/desktop/arm_stm32f401/tools/arm gcc/bin/../lib/gcc/arm-none-eabi/5.4.1/../../../../arm-none-eabi/lib/armv7e-m\libg_nano.a(lib_a-errno.o) (_impure_ptr)
c:/users/omar/desktop/arm_stm32f401/tools/arm gcc/bin/../lib/gcc/arm-none-eabi/5.4.1/../../../../arm-none-eabi/lib/armv7e-m\libg_nano.a(lib_a-strlen.o)
                              ./system/src/diag/trace.o (strlen)
c:/users/omar/desktop/arm_stm32f401/tools/arm gcc/bin/../lib/gcc/arm-none-eabi/5.4.1/../../../../arm-none-eabi/lib/armv7e-m\libg_nano.a(lib_a-vsnprintf.o)
                              ./system/src/diag/trace.o (vsnprintf)
c:/users/omar/desktop/arm_stm32f401/tools/arm gcc/bin/../lib/gcc/arm-none-eabi/5.4.1/../../../../arm-none-eabi/lib/armv7e-m\libg_nano.a(lib_a-nano-svfprintf.o)
                              c:/users/omar/desktop/arm_stm32f401/tools/arm gcc/bin/../lib/gcc/arm-none-eabi/5.4.1/../../../../arm-none-eabi/lib/armv7e-m\libg_nano.a(lib_a-vsnprintf.o) (_svfprintf_r)
c:/users/omar/desktop/arm_stm32f401/tools/arm gcc/bin/../lib/gcc/arm-none-eabi/5.4.1/../../../../arm-none-eabi/lib/armv7e-m\libg_nano.a(lib_a-nano-vfprintf_i.o)
                              c:/users/omar/desktop/arm_stm32f401/tools/arm gcc/bin/../lib/gcc/arm-none-eabi/5.4.1/../../../../arm-none-eabi/lib/armv7e-m\libg_nano.a(lib_a-nano-svfprintf.o) (_printf_i)
c:/users/omar/desktop/arm_stm32f401/tools/arm gcc/bin/../lib/gcc/arm-none-eabi/5.4.1/../../../../arm-none-eabi/lib/armv7e-m\libg_nano.a(lib_a-memchr.o)
                              c:/users/omar/desktop/arm_stm32f401/tools/arm gcc/bin/../lib/gcc/arm-none-eabi/5.4.1/../../../../arm-none-eabi/lib/armv7e-m\libg_nano.a(lib_a-nano-svfprintf.o) (memchr)
c:/users/omar/desktop/arm_stm32f401/tools/arm gcc/bin/../lib/gcc/arm-none-eabi/5.4.1/../../../../arm-none-eabi/lib/armv7e-m\libg_nano.a(lib_a-memcpy-stub.o)
                              c:/users/omar/desktop/arm_stm32f401/tools/arm gcc/bin/../lib/gcc/arm-none-eabi/5.4.1/../../../../arm-none-eabi/lib/armv7e-m\libg_nano.a(lib_a-nano-svfprintf.o) (memcpy)
c:/users/omar/desktop/arm_stm32f401/tools/arm gcc/bin/../lib/gcc/arm-none-eabi/5.4.1/../../../../arm-none-eabi/lib/armv7e-m\libg_nano.a(lib_a-memmove.o)
                              c:/users/omar/desktop/arm_stm32f401/tools/arm gcc/bin/../lib/gcc/arm-none-eabi/5.4.1/../../../../arm-none-eabi/lib/armv7e-m\libg_nano.a(lib_a-nano-svfprintf.o) (memmove)
c:/users/omar/desktop/arm_stm32f401/tools/arm gcc/bin/../lib/gcc/arm-none-eabi/5.4.1/../../../../arm-none-eabi/lib/armv7e-m\libg_nano.a(lib_a-nano-freer.o)
                              c:/users/omar/desktop/arm_stm32f401/tools/arm gcc/bin/../lib/gcc/arm-none-eabi/5.4.1/../../../../arm-none-eabi/lib/armv7e-m\libg_nano.a(lib_a-nano-svfprintf.o) (_free_r)
c:/users/omar/desktop/arm_stm32f401/tools/arm gcc/bin/../lib/gcc/arm-none-eabi/5.4.1/../../../../arm-none-eabi/lib/armv7e-m\libg_nano.a(lib_a-nano-mallocr.o)
                              c:/users/omar/desktop/arm_stm32f401/tools/arm gcc/bin/../lib/gcc/arm-none-eabi/5.4.1/../../../../arm-none-eabi/lib/armv7e-m\libg_nano.a(lib_a-nano-svfprintf.o) (_malloc_r)
c:/users/omar/desktop/arm_stm32f401/tools/arm gcc/bin/../lib/gcc/arm-none-eabi/5.4.1/../../../../arm-none-eabi/lib/armv7e-m\libg_nano.a(lib_a-nano-reallocr.o)
                              c:/users/omar/desktop/arm_stm32f401/tools/arm gcc/bin/../lib/gcc/arm-none-eabi/5.4.1/../../../../arm-none-eabi/lib/armv7e-m\libg_nano.a(lib_a-nano-svfprintf.o) (_realloc_r)
c:/users/omar/desktop/arm_stm32f401/tools/arm gcc/bin/../lib/gcc/arm-none-eabi/5.4.1/../../../../arm-none-eabi/lib/armv7e-m\libg_nano.a(lib_a-sbrkr.o)
[...]
Memory Configuration

Name             Origin             Length             Attributes
RAM              0x20000000         0x00010000         xrw
CCMRAM           0x10000000         0x00000000         xrw
FLASH            0x08000000         0x00100000         xr
FLASHB1          0x00000000         0x00000000         xr
EXTMEMB0         0x00000000         0x00000000         xr
EXTMEMB1         0x00000000         0x00000000         xr
EXTMEMB2         0x00000000         0x00000000         xr
EXTMEMB3         0x00000000         0x00000000         xr
*default*        0x00000000         0xffffffff

Linker script and memory map

LOAD ./system/src/stm32f4-hal/stm32f4xx_hal.o
LOAD ./system/src/stm32f4-hal/stm32f4xx_hal_cortex.o
LOAD ./system/src/stm32f4-hal/stm32f4xx_hal_flash.o
LOAD ./system/src/stm32f4-hal/stm32f4xx_hal_flash_ex.o
LOAD ./system/src/stm32f4-hal/stm32f4xx_hal_flash_ramfunc.o
LOAD ./system/src/stm32f4-hal/stm32f4xx_hal_gpio.o
LOAD ./system/src/stm32f4-hal/stm32f4xx_hal_iwdg.o
LOAD ./system/src/stm32f4-hal/stm32f4xx_hal_pwr.o
LOAD ./system/src/stm32f4-hal/stm32f4xx_hal_rcc.o
LOAD ./system/src/newlib/assert.o
LOAD ./system/src/newlib/cxx.o
LOAD ./system/src/newlib/exit.o
LOAD ./system/src/newlib/sbrk.o
LOAD ./system/src/newlib/startup.o
LOAD ./system/src/newlib/syscalls.o
LOAD ./system/src/diag/trace-impl.o
LOAD ./system/src/diag/trace.o
LOAD ./system/src/cortexm/exception-handlers.o
LOAD ./system/src/cortexm/initialize-hardware.o
LOAD ./system/src/cortexm/reset-hardware.o
LOAD ./system/src/cmsis/system_stm32f4xx.o
LOAD ./system/src/cmsis/vectors_stm32f401xc.o
LOAD ./src/RCC.o
LOAD ./src/main.o
LOAD c:/users/omar/desktop/arm_stm32f401/tools/arm gcc/bin/../lib/gcc/arm-none-eabi/5.4.1/../../../../arm-none-eabi/lib/armv7e-m\libstdc++_nano.a
LOAD c:/users/omar/desktop/arm_stm32f401/tools/arm gcc/bin/../lib/gcc/arm-none-eabi/5.4.1/../../../../arm-none-eabi/lib/armv7e-m\libm.a
START GROUP
LOAD c:/users/omar/desktop/arm_stm32f401/tools/arm gcc/bin/../lib/gcc/arm-none-eabi/5.4.1/armv7e-m\libgcc.a
LOAD c:/users/omar/desktop/arm_stm32f401/tools/arm gcc/bin/../lib/gcc/arm-none-eabi/5.4.1/../../../../arm-none-eabi/lib/armv7e-m\libg_nano.a
LOAD c:/users/omar/desktop/arm_stm32f401/tools/arm gcc/bin/../lib/gcc/arm-none-eabi/5.4.1/../../../../arm-none-eabi/lib/armv7e-m\libc_nano.a
END GROUP
START GROUP
LOAD c:/users/omar/desktop/arm_stm32f401/tools/arm gcc/bin/../lib/gcc/arm-none-eabi/5.4.1/armv7e-m\libgcc.a
LOAD c:/users/omar/desktop/arm_stm32f401/tools/arm gcc/bin/../lib/gcc/arm-none-eabi/5.4.1/../../../../arm-none-eabi/lib/armv7e-m\libc_nano.a
END GROUP
                0x20010000                __stack = (ORIGIN (RAM) + LENGTH (RAM))
                0x20010000                _estack = __stack
                0x00000400                __Main_Stack_Size = 0x400
                [!provide]                PROVIDE (_Main_Stack_Size, __Main_Stack_Size)
                0x2000fc00                __Main_Stack_Limit = (__stack - __Main_Stack_Size)
                [!provide]                PROVIDE (_Main_Stack_Limit, __Main_Stack_Limit)
                0x00000100                _Minimum_Stack_Size = 0x100
                0x20000114                PROVIDE (_Heap_Begin, _end_noinit)
                0x2000fc00                PROVIDE (_Heap_Limit, (__stack - __Main_Stack_Size))

.isr_vector     0x08000000      0x3f8
 FILL mask 0xff
                0x08000000                __vectors_start = ABSOLUTE (.)
                0x08000000                __vectors_start__ = ABSOLUTE (.)
 *(.isr_vector)
 .isr_vector    0x08000000      0x194 ./system/src/cmsis/vectors_stm32f401xc.o
                0x08000000                __isr_vectors
 *(.cfmconfig)
 *(.after_vectors .after_vectors.*)
 .after_vectors
                0x08000194      0x130 ./system/src/newlib/startup.o
                0x08000194                _start
 .after_vectors
                0x080002c4      0x130 ./system/src/cortexm/exception-handlers.o
                0x080002c4                Reset_Handler
                0x080002cc                NMI_Handler
                0x080002d0                HardFault_Handler
                0x080002e4                HardFault_Handler_C
                0x08000344                MemManage_Handler
                0x08000348                BusFault_Handler
                0x0800035c                BusFault_Handler_C
                0x08000390                UsageFault_Handler
                0x080003a4                UsageFault_Handler_C
                0x080003d8                SVC_Handler
                0x080003dc                DebugMon_Handler
                0x080003e0                PendSV_Handler
                0x080003e4                SysTick_Handler
 .after_vectors
                0x080003f4        0x4 ./system/src/cmsis/vectors_stm32f401xc.o
                0x080003f4                RTC_Alarm_IRQHandler
                0x080003f4                EXTI2_IRQHandler
                0x080003f4                SPI4_IRQHandler
                0x080003f4                TIM1_CC_IRQHandler
                0x080003f4                DMA2_Stream5_IRQHandler
                0x080003f4                DMA1_Stream5_IRQHandler
                0x080003f4                PVD_IRQHandler
                0x080003f4                SDIO_IRQHandler
                0x080003f4                TAMP_STAMP_IRQHandler
                0x080003f4                EXTI3_IRQHandler
                0x080003f4                TIM1_UP_TIM10_IRQHandler
                0x080003f4                I2C3_ER_IRQHandler
                0x080003f4                EXTI0_IRQHandler
                0x080003f4                I2C2_EV_IRQHandler
                0x080003f4                DMA1_Stream2_IRQHandler
                0x080003f4                FPU_IRQHandler
                0x080003f4                DMA2_Stream2_IRQHandler
                0x080003f4                SPI1_IRQHandler
                0x080003f4                TIM1_BRK_TIM9_IRQHandler
                0x080003f4                DMA2_Stream3_IRQHandler
                0x080003f4                USART6_IRQHandler
                0x080003f4                DMA2_Stream0_IRQHandler
                0x080003f4                TIM4_IRQHandler
                0x080003f4                I2C1_EV_IRQHandler
                0x080003f4                DMA1_Stream6_IRQHandler
                0x080003f4                DMA1_Stream1_IRQHandler
                0x080003f4                TIM3_IRQHandler
                0x080003f4                RCC_IRQHandler
                0x080003f4                Default_Handler
                0x080003f4                EXTI15_10_IRQHandler
                0x080003f4                ADC_IRQHandler
                0x080003f4                DMA1_Stream7_IRQHandler
                0x080003f4                TIM5_IRQHandler
                0x080003f4                DMA2_Stream7_IRQHandler
                0x080003f4                I2C3_EV_IRQHandler
                0x080003f4                EXTI9_5_IRQHandler
                0x080003f4                RTC_WKUP_IRQHandler
                0x080003f4                SPI2_IRQHandler
                0x080003f4                DMA1_Stream0_IRQHandler
                0x080003f4                EXTI4_IRQHandler
                0x080003f4                WWDG_IRQHandler
                0x080003f4                TIM2_IRQHandler
                0x080003f4                OTG_FS_WKUP_IRQHandler
                0x080003f4                TIM1_TRG_COM_TIM11_IRQHandler
                0x080003f4                EXTI1_IRQHandler
                0x080003f4                USART2_IRQHandler
                0x080003f4                I2C2_ER_IRQHandler
                0x080003f4                DMA2_Stream1_IRQHandler
                0x080003f4                FLASH_IRQHandler
                0x080003f4                DMA2_Stream4_IRQHandler
                0x080003f4                USART1_IRQHandler
                0x080003f4                OTG_FS_IRQHandler
                0x080003f4                SPI3_IRQHandler
                0x080003f4                DMA1_Stream4_IRQHandler
                0x080003f4                I2C1_ER_IRQHandler
                0x080003f4                DMA2_Stream6_IRQHandler
                0x080003f4                DMA1_Stream3_IRQHandler

.inits          0x080003f8       0x28
                0x080003f8                __data_regions_array_start = .
                0x080003f8        0x4 LONG 0x80013a4 LOADADDR (.data)
                0x080003fc        0x4 LONG 0x20000000 ADDR (.data)
                0x08000400        0x4 LONG 0x20000078 (ADDR (.data) + SIZEOF (.data))
                0x08000404        0x4 LONG 0x80013a4 LOADADDR (.data_CCMRAM)
                0x08000408        0x4 LONG 0x10000000 ADDR (.data_CCMRAM)
                0x0800040c        0x4 LONG 0x10000000 (ADDR (.data_CCMRAM) + SIZEOF (.data_CCMRAM))
                0x08000410                __data_regions_array_end = .
                0x08000410                __bss_regions_array_start = .
                0x08000410        0x4 LONG 0x20000078 ADDR (.bss)
                0x08000414        0x4 LONG 0x20000114 (ADDR (.bss) + SIZEOF (.bss))
                0x08000418        0x4 LONG 0x10000000 ADDR (.bss_CCMRAM)
                0x0800041c        0x4 LONG 0x10000000 (ADDR (.bss_CCMRAM) + SIZEOF (.bss_CCMRAM))
                0x08000420                __bss_regions_array_end = .
 *(.init)
 *(.fini)
                0x08000420                . = ALIGN (0x4)
                0x08000420                PROVIDE (__preinit_array_start, .)
 *(.preinit_array_sysinit .preinit_array_sysinit.*)
 *(.preinit_array_platform .preinit_array_platform.*)
 *(.preinit_array .preinit_array.*)
                0x08000420                PROVIDE (__preinit_array_end, .)
                0x08000420                . = ALIGN (0x4)
                0x08000420                PROVIDE (__init_array_start, .)
 *(SORT(.init_array.*))
 *(.init_array)
                0x08000420                PROVIDE (__init_array_end, .)
                0x08000420                . = ALIGN (0x4)
                0x08000420                PROVIDE (__fini_array_start, .)
 *(SORT(.fini_array.*))
 *(.fini_array)
                0x08000420                PROVIDE (__fini_array_end, .)

.flashtext
 *(.flashtext .flashtext.*)

.text           0x08000420      0xf83
 *(.text .text.*)
 .text._exit    0x08000420        0x4 ./system/src/newlib/exit.o
                0x08000420                _exit
 .text._sbrk    0x08000424       0x44 ./system/src/newlib/sbrk.o
                0x08000424                _sbrk
 .text.__initialize_args
                0x08000468       0x10 ./system/src/newlib/syscalls.o
                0x08000468                __initialize_args
 .text._trace_write_semihosting_debug
                0x08000478       0x64 ./system/src/diag/trace-impl.o
 .text.trace_write
                0x080004dc        0x8 ./system/src/diag/trace-impl.o
                0x080004dc                trace_write
 .text.trace_printf
                0x080004e4       0x30 ./system/src/diag/trace.o
                0x080004e4                trace_printf
 .text.dumpExceptionStack
                0x08000514       0xf0 ./system/src/cortexm/exception-handlers.o
                0x08000514                dumpExceptionStack
 .text.isSemihosting
                0x08000604       0x20 ./system/src/cortexm/exception-handlers.o
                0x08000604                isSemihosting
 .text.__initialize_hardware_early
                0x08000624       0x18 ./system/src/cortexm/initialize-hardware.o
                0x08000624                __initialize_hardware_early
 .text.__initialize_hardware
                0x0800063c        0x8 ./system/src/cortexm/initialize-hardware.o
                0x0800063c                __initialize_hardware
 .text.SystemInit
                0x08000644       0x10 ./system/src/cmsis/system_stm32f4xx.o
                0x08000644                SystemInit
 .text.SystemCoreClockUpdate
                0x08000654       0xa0 ./system/src/cmsis/system_stm32f4xx.o
                0x08000654                SystemCoreClockUpdate
 .text.RCC_Enable_Clock
                0x080006f4       0x58 ./src/RCC.o
                0x080006f4                RCC_Enable_Clock
 .text.RCC_Set_SystemClock
                0x0800074c       0x70 ./src/RCC.o
                0x0800074c                RCC_Set_SystemClock
 .text.RCC_Cfg_PLL_Prescalars
                0x080007bc       0x90 ./src/RCC.o
                0x080007bc                RCC_Cfg_PLL_Prescalars
 .text.RCC_Cfg_PLL_CLKSRC
                0x0800084c       0x4c ./src/RCC.o
                0x0800084c                RCC_Cfg_PLL_CLKSRC
 .text.RCC_Enable_AHB1_Peripheral
                0x08000898       0x28 ./src/RCC.o
                0x08000898                RCC_Enable_AHB1_Peripheral
 .text.main     0x080008c0       0x30 ./src/main.o
                0x080008c0                main
 .text.__errno  0x080008f0        0xc c:/users/omar/desktop/arm_stm32f401/tools/arm gcc/bin/../lib/gcc/arm-none-eabi/5.4.1/../../../../arm-none-eabi/lib/armv7e-m\libg_nano.a(lib_a-errno.o)
                0x080008f0                __errno
 .text._vsnprintf_r
                0x080008fc       0x56 c:/users/omar/desktop/arm_stm32f401/tools/arm gcc/bin/../lib/gcc/arm-none-eabi/5.4.1/../../../../arm-none-eabi/lib/armv7e-m\libg_nano.a(lib_a-vsnprintf.o)
                0x080008fc                _vsniprintf_r
                0x080008fc                _vsnprintf_r
 *fill*         0x08000952        0x2 
 .text.vsnprintf
                0x08000954       0x1c c:/users/omar/desktop/arm_stm32f401/tools/arm gcc/bin/../lib/gcc/arm-none-eabi/5.4.1/../../../../arm-none-eabi/lib/armv7e-m\libg_nano.a(lib_a-vsnprintf.o)
                0x08000954                vsniprintf
                0x08000954                vsnprintf
 .text.__ssputs_r
                0x08000970       0xb2 c:/users/omar/desktop/arm_stm32f401/tools/arm gcc/bin/../lib/gcc/arm-none-eabi/5.4.1/../../../../arm-none-eabi/lib/armv7e-m\libg_nano.a(lib_a-nano-svfprintf.o)
                0x08000970                __ssputs_r
 *fill*         0x08000a22        0x2 
 .text._svfprintf_r
                0x08000a24      0x1e8 c:/users/omar/desktop/arm_stm32f401/tools/arm gcc/bin/../lib/gcc/arm-none-eabi/5.4.1/../../../../arm-none-eabi/lib/armv7e-m\libg_nano.a(lib_a-nano-svfprintf.o)
                0x08000a24                _svfiprintf_r
                0x08000a24                _svfprintf_r
 .text._printf_common
                0x08000c0c       0xec c:/users/omar/desktop/arm_stm32f401/tools/arm gcc/bin/../lib/gcc/arm-none-eabi/5.4.1/../../../../arm-none-eabi/lib/armv7e-m\libg_nano.a(lib_a-nano-vfprintf_i.o)
                0x08000c0c                _printf_common
 .text._printf_i
                0x08000cf8      0x24c c:/users/omar/desktop/arm_stm32f401/tools/arm gcc/bin/../lib/gcc/arm-none-eabi/5.4.1/../../../../arm-none-eabi/lib/armv7e-m\libg_nano.a(lib_a-nano-vfprintf_i.o)
                0x08000cf8                _printf_i
 *fill*         0x08000f44        0xc 
 .text          0x08000f50       0xa0 c:/users/omar/desktop/arm_stm32f401/tools/arm gcc/bin/../lib/gcc/arm-none-eabi/5.4.1/../../../../arm-none-eabi/lib/armv7e-m\libg_nano.a(lib_a-memchr.o)
                0x08000f50                memchr
 .text.memcpy   0x08000ff0       0x16 c:/users/omar/desktop/arm_stm32f401/tools/arm gcc/bin/../lib/gcc/arm-none-eabi/5.4.1/../../../../arm-none-eabi/lib/armv7e-m\libg_nano.a(lib_a-memcpy-stub.o)
                0x08000ff0                memcpy
 .text.memmove  0x08001006       0x36 c:/users/omar/desktop/arm_stm32f401/tools/arm gcc/bin/../lib/gcc/arm-none-eabi/5.4.1/../../../../arm-none-eabi/lib/armv7e-m\libg_nano.a(lib_a-memmove.o)
                0x08001006                memmove
 .text._free_r  0x0800103c       0x9c c:/users/omar/desktop/arm_stm32f401/tools/arm gcc/bin/../lib/gcc/arm-none-eabi/5.4.1/../../../../arm-none-eabi/lib/armv7e-m\libg_nano.a(lib_a-nano-freer.o)
                0x0800103c                _free_r
 .text._malloc_r
                0x080010d8       0xbc c:/users/omar/desktop/arm_stm32f401/tools/arm gcc/bin/../lib/gcc/arm-none-eabi/5.4.1/../../../../arm-none-eabi/lib/armv7e-m\libg_nano.a(lib_a-nano-mallocr.o)
                0x080010d8                _malloc_r
 .text._realloc_r
                0x08001194       0x4c c:/users/omar/desktop/arm_stm32f401/tools/arm gcc/bin/../lib/gcc/arm-none-eabi/5.4.1/../../../../arm-none-eabi/lib/armv7e-m\libg_nano.a(lib_a-nano-reallocr.o)
                0x08001194                _realloc_r
 .text._sbrk_r  0x080011e0       0x20 c:/users/omar/desktop/arm_stm32f401/tools/arm gcc/bin/../lib/gcc/arm-none-eabi/5.4.1/../../../../arm-none-eabi/lib/armv7e-m\libg_nano.a(lib_a-sbrkr.o)
                0x080011e0                _sbrk_r
 .text.__malloc_lock
                0x08001200        0x2 c:/users/omar/desktop/arm_stm32f401/tools/arm gcc/bin/../lib/gcc/arm-none-eabi/5.4.1/../../../../arm-none-eabi/lib/armv7e-m\libg_nano.a(lib_a-mlock.o)
                0x08001200                __malloc_lock
 .text.__malloc_unlock
                0x08001202        0x2 c:/users/omar/desktop/arm_stm32f401/tools/arm gcc/bin/../lib/gcc/arm-none-eabi/5.4.1/../../../../arm-none-eabi/lib/armv7e-m\libg_nano.a(lib_a-mlock.o)
                0x08001202                __malloc_unlock
 .text._malloc_usable_size_r
                0x08001204       0x14 c:/users/omar/desktop/arm_stm32f401/tools/arm gcc/bin/../lib/gcc/arm-none-eabi/5.4.1/../../../../arm-none-eabi/lib/armv7e-m\libg_nano.a(lib_a-nano-msizer.o)
                0x08001204                _malloc_usable_size_r
 *(.rodata .rodata.* .constdata .constdata.*)
 .rodata.str1.4
                0x08001218      0x148 ./system/src/cortexm/exception-handlers.o
                                0x146 (size before relaxing)
 .rodata.AHBPrescTable
                0x08001360       0x10 ./system/src/cmsis/system_stm32f4xx.o
                0x08001360                AHBPrescTable
 .rodata.str1.1
                0x08001370       0x11 c:/users/omar/desktop/arm_stm32f401/tools/arm gcc/bin/../lib/gcc/arm-none-eabi/5.4.1/../../../../arm-none-eabi/lib/armv7e-m\libg_nano.a(lib_a-nano-svfprintf.o)
 .rodata.str1.1
                0x08001381       0x22 c:/users/omar/desktop/arm_stm32f401/tools/arm gcc/bin/../lib/gcc/arm-none-eabi/5.4.1/../../../../arm-none-eabi/lib/armv7e-m\libg_nano.a(lib_a-nano-vfprintf_i.o)
 *(vtable)
 *(.eh_frame*)
 *(.glue_7)
 .glue_7        0x080013a3        0x0 linker stubs
 *(.glue_7t)
 .glue_7t       0x080013a3        0x0 linker stubs

.vfp11_veneer   0x080013a4        0x0
 .vfp11_veneer  0x080013a4        0x0 linker stubs

.v4_bx          0x080013a4        0x0
 .v4_bx         0x080013a4        0x0 linker stubs

.iplt           0x080013a4        0x0
 .iplt          0x080013a4        0x0 ./system/src/stm32f4-hal/stm32f4xx_hal.o

.rel.dyn        0x080013a4        0x0
 .rel.iplt      0x080013a4        0x0 ./system/src/stm32f4-hal/stm32f4xx_hal.o

.ARM.extab
 *(.ARM.extab* .gnu.linkonce.armextab.*)
                0x080013a4                . = ALIGN (0x4)
                0x080013a4                __exidx_start = .

.ARM.exidx
 *(.ARM.exidx* .gnu.linkonce.armexidx.*)
                0x080013a4                __exidx_end = .
                0x080013a4                . = ALIGN (0x4)
                0x080013a4                _etext = .
                0x080013a4                __etext = .

.data_CCMRAM    0x10000000        0x0 load address 0x080013a4
 FILL mask 0xff
 *(.data.CCMRAM .data.CCMRAM.*)
                0x10000000                . = ALIGN (0x4)
                0x080013a4                _sidata = LOADADDR (.data)

.data           0x20000000       0x78 load address 0x080013a4
 FILL mask 0xff
                0x20000000                _sdata = .
                0x20000000                __data_start__ = .
 *(.data_begin .data_begin.*)
 .data_begin    0x20000000        0x4 ./system/src/newlib/startup.o
 *(.data .data.*)
 .data.argv.4290
                0x20000004        0x8 ./system/src/newlib/syscalls.o
 .data.SystemCoreClock
                0x2000000c        0x4 ./system/src/cmsis/system_stm32f4xx.o
                0x2000000c                SystemCoreClock
 .data.impure_data
                0x20000010       0x60 c:/users/omar/desktop/arm_stm32f401/tools/arm gcc/bin/../lib/gcc/arm-none-eabi/5.4.1/../../../../arm-none-eabi/lib/armv7e-m\libg_nano.a(lib_a-impure.o)
 .data._impure_ptr
                0x20000070        0x4 c:/users/omar/desktop/arm_stm32f401/tools/arm gcc/bin/../lib/gcc/arm-none-eabi/5.4.1/../../../../arm-none-eabi/lib/armv7e-m\libg_nano.a(lib_a-impure.o)
                0x20000070                _impure_ptr
 *(.data_end .data_end.*)
 .data_end      0x20000074        0x4 ./system/src/newlib/startup.o
                0x20000078                . = ALIGN (0x4)
                0x20000078                _edata = .
                0x20000078                __data_end__ = .

.igot.plt       0x20000078        0x0 load address 0x0800141c
 .igot.plt      0x20000078        0x0 ./system/src/stm32f4-hal/stm32f4xx_hal.o

.bss_CCMRAM     0x10000000        0x0
 *(.bss.CCMRAM .bss.CCMRAM.*)

.bss            0x20000078       0x9c
                0x20000078                __bss_start__ = .
                0x20000078                _sbss = .
 *(.bss_begin .bss_begin.*)
 .bss_begin     0x20000078        0x4 ./system/src/newlib/startup.o
 *(.bss .bss.*)
 .bss.current_heap_end.3974
                0x2000007c        0x4 ./system/src/newlib/sbrk.o
 .bss.name.4289
                0x20000080        0x1 ./system/src/newlib/syscalls.o
 *fill*         0x20000081        0x3 
 .bss.buf.5179  0x20000084       0x80 ./system/src/diag/trace.o
 .bss.__malloc_sbrk_start
                0x20000104        0x4 c:/users/omar/desktop/arm_stm32f401/tools/arm gcc/bin/../lib/gcc/arm-none-eabi/5.4.1/../../../../arm-none-eabi/lib/armv7e-m\libg_nano.a(lib_a-nano-mallocr.o)
                0x20000104                __malloc_sbrk_start
 .bss.__malloc_free_list
                0x20000108        0x4 c:/users/omar/desktop/arm_stm32f401/tools/arm gcc/bin/../lib/gcc/arm-none-eabi/5.4.1/../../../../arm-none-eabi/lib/armv7e-m\libg_nano.a(lib_a-nano-mallocr.o)
                0x20000108                __malloc_free_list
 *(COMMON)
 COMMON         0x2000010c        0x4 ./system/src/newlib/syscalls.o
                0x2000010c                errno
 *(.bss_end .bss_end.*)
 .bss_end       0x20000110        0x4 ./system/src/newlib/startup.o
                0x20000114                . = ALIGN (0x4)
                0x20000114                __bss_end__ = .
                0x20000114                _ebss = .

.noinit_CCMRAM
 *(.noinit.CCMRAM .noinit.CCMRAM.*)

.noinit         0x20000114        0x0
                0x20000114                _noinit = .
 *(.noinit .noinit.*)
                0x20000114                . = ALIGN (0x4)
                0x20000114                _end_noinit = .
                [!provide]                PROVIDE (end, _end_noinit)
                [!provide]                PROVIDE (_end, _end_noinit)
                [!provide]                PROVIDE (__end, _end_noinit)
                [!provide]                PROVIDE (__end__, _end_noinit)

._check_stack   0x20000114      0x100
                0x20000214                . = (. + _Minimum_Stack_Size)
 *fill*         0x20000114      0x100 

.b1text
 *(.b1text)
 *(.b1rodata)
 *(.b1rodata.*)

.eb0text
 *(.eb0text)
 *(.eb0rodata)
 *(.eb0rodata.*)

.eb1text
 *(.eb1text)
 *(.eb1rodata)
 *(.eb1rodata.*)

.eb2text
 *(.eb2text)
 *(.eb2rodata)
 *(.eb2rodata.*)

.eb3text
 *(.eb3text)
 *(.eb3rodata)
 *(.eb3rodata.*)

.stab
 *(.stab)

.stabstr
 *(.stabstr)

.stab.excl
 *(.stab.excl)

.stab.exclstr
 *(.stab.exclstr)

.stab.index
 *(.stab.index)

.stab.indexstr
 *(.stab.indexstr)

.comment        0x00000000       0x6e
 *(.comment)
 .comment       0x00000000       0x6e ./system/src/newlib/exit.o
                                 0x6f (size before relaxing)
 .comment       0x0000006e       0x6f ./system/src/newlib/sbrk.o
 .comment       0x0000006e       0x6f ./system/src/newlib/startup.o
 .comment       0x0000006e       0x6f ./system/src/newlib/syscalls.o
 .comment       0x0000006e       0x6f ./system/src/diag/trace-impl.o
 .comment       0x0000006e       0x6f ./system/src/diag/trace.o
 .comment       0x0000006e       0x6f ./system/src/cortexm/exception-handlers.o
 .comment       0x0000006e       0x6f ./system/src/cortexm/initialize-hardware.o
 .comment       0x0000006e       0x6f ./system/src/cmsis/system_stm32f4xx.o
 .comment       0x0000006e       0x6f ./system/src/cmsis/vectors_stm32f401xc.o
 .comment       0x0000006e       0x6f ./src/RCC.o
 .comment       0x0000006e       0x6f ./src/main.o

.ARM.attributes
                0x00000000       0x31
 .ARM.attributes
                0x00000000       0x33 ./system/src/newlib/exit.o
 .ARM.attributes
                0x00000033       0x33 ./system/src/newlib/sbrk.o
 .ARM.attributes
                0x00000066       0x33 ./system/src/newlib/startup.o
 .ARM.attributes
                0x00000099       0x33 ./system/src/newlib/syscalls.o
 .ARM.attributes
                0x000000cc       0x33 ./system/src/diag/trace-impl.o
 .ARM.attributes
                0x000000ff       0x33 ./system/src/diag/trace.o
 .ARM.attributes
                0x00000132       0x33 ./system/src/cortexm/exception-handlers.o
 .ARM.attributes
                0x00000165       0x33 ./system/src/cortexm/initialize-hardware.o
 .ARM.attributes
                0x00000198       0x33 ./system/src/cmsis/system_stm32f4xx.o
 .ARM.attributes
                0x000001cb       0x33 ./system/src/cmsis/vectors_stm32f401xc.o
 .ARM.attributes
                0x000001fe       0x33 ./src/RCC.o
 .ARM.attributes
                0x00000231       0x33 ./src/main.o
 .ARM.attributes
                0x00000264       0x2e c:/users/omar/desktop/arm_stm32f401/tools/arm gcc/bin/../lib/gcc/arm-none-eabi/5.4.1/../../../../arm-none-eabi/lib/armv7e-m\libg_nano.a(lib_a-errno.o)
 .ARM.attributes
                0x00000292       0x2e c:/users/omar/desktop/arm_stm32f401/tools/arm gcc/bin/../lib/gcc/arm-none-eabi/5.4.1/../../../../arm-none-eabi/lib/armv7e-m\libg_nano.a(lib_a-impure.o)
 .ARM.attributes
                0x000002c0       0x2e c:/users/omar/desktop/arm_stm32f401/tools/arm gcc/bin/../lib/gcc/arm-none-eabi/5.4.1/../../../../arm-none-eabi/lib/armv7e-m\libg_nano.a(lib_a-vsnprintf.o)
 .ARM.attributes
                0x000002ee       0x2e c:/users/omar/desktop/arm_stm32f401/tools/arm gcc/bin/../lib/gcc/arm-none-eabi/5.4.1/../../../../arm-none-eabi/lib/armv7e-m\libg_nano.a(lib_a-nano-svfprintf.o)
 .ARM.attributes
                0x0000031c       0x2e c:/users/omar/desktop/arm_stm32f401/tools/arm gcc/bin/../lib/gcc/arm-none-eabi/5.4.1/../../../../arm-none-eabi/lib/armv7e-m\libg_nano.a(lib_a-nano-vfprintf_i.o)
 .ARM.attributes
                0x0000034a       0x1c c:/users/omar/desktop/arm_stm32f401/tools/arm gcc/bin/../lib/gcc/arm-none-eabi/5.4.1/../../../../arm-none-eabi/lib/armv7e-m\libg_nano.a(lib_a-memchr.o)
 .ARM.attributes
                0x00000366       0x2e c:/users/omar/desktop/arm_stm32f401/tools/arm gcc/bin/../lib/gcc/arm-none-eabi/5.4.1/../../../../arm-none-eabi/lib/armv7e-m\libg_nano.a(lib_a-memcpy-stub.o)
 .ARM.attributes
                0x00000394       0x2e c:/users/omar/desktop/arm_stm32f401/tools/arm gcc/bin/../lib/gcc/arm-none-eabi/5.4.1/../../../../arm-none-eabi/lib/armv7e-m\libg_nano.a(lib_a-memmove.o)
 .ARM.attributes
                0x000003c2       0x2e c:/users/omar/desktop/arm_stm32f401/tools/arm gcc/bin/../lib/gcc/arm-none-eabi/5.4.1/../../../../arm-none-eabi/lib/armv7e-m\libg_nano.a(lib_a-nano-freer.o)
 .ARM.attributes
                0x000003f0       0x2e c:/users/omar/desktop/arm_stm32f401/tools/arm gcc/bin/../lib/gcc/arm-none-eabi/5.4.1/../../../../arm-none-eabi/lib/armv7e-m\libg_nano.a(lib_a-nano-mallocr.o)
 .ARM.attributes
                0x0000041e       0x2e c:/users/omar/desktop/arm_stm32f401/tools/arm gcc/bin/../lib/gcc/arm-none-eabi/5.4.1/../../../../arm-none-eabi/lib/armv7e-m\libg_nano.a(lib_a-nano-reallocr.o)
 .ARM.attributes
                0x0000044c       0x2e c:/users/omar/desktop/arm_stm32f401/tools/arm gcc/bin/../lib/gcc/arm-none-eabi/5.4.1/../../../../arm-none-eabi/lib/armv7e-m\libg_nano.a(lib_a-sbrkr.o)
 .ARM.attributes
                0x0000047a       0x2e c:/users/omar/desktop/arm_stm32f401/tools/arm gcc/bin/../lib/gcc/arm-none-eabi/5.4.1/../../../../arm-none-eabi/lib/armv7e-m\libg_nano.a(lib_a-mlock.o)
 .ARM.attributes
                0x000004a8       0x2e c:/users/omar/desktop/arm_stm32f401/tools/arm gcc/bin/../lib/gcc/arm-none-eabi/5.4.1/../../../../arm-none-eabi/lib/armv7e-m\libg_nano.a(lib_a-nano-msizer.o)

.debug
 *(.debug)

.line
 *(.line)

.debug_srcinfo
 *(.debug_srcinfo)

.debug_sfnames
 *(.debug_sfnames)

.debug_aranges  0x00000000      0x2b0
 *(.debug_aranges)
 .debug_aranges
                0x00000000       0x28 ./system/src/newlib/exit.o
 .debug_aranges
                0x00000028       0x20 ./system/src/newlib/sbrk.o
 .debug_aranges
                0x00000048       0x40 ./system/src/newlib/startup.o
 .debug_aranges
                0x00000088       0x30 ./system/src/newlib/syscalls.o
 .debug_aranges
                0x000000b8       0x30 ./system/src/diag/trace-impl.o
 .debug_aranges
                0x000000e8       0x38 ./system/src/diag/trace.o
 .debug_aranges
                0x00000120       0x90 ./system/src/cortexm/exception-handlers.o
 .debug_aranges
                0x000001b0       0x28 ./system/src/cortexm/initialize-hardware.o
 .debug_aranges
                0x000001d8       0x28 ./system/src/cmsis/system_stm32f4xx.o
 .debug_aranges
                0x00000200       0x20 ./system/src/cmsis/vectors_stm32f401xc.o
 .debug_aranges
                0x00000220       0x70 ./src/RCC.o
 .debug_aranges
                0x00000290       0x20 ./src/main.o

.debug_pubnames
 *(.debug_pubnames)

.debug_info     0x00000000     0x27c6
 *(.debug_info .gnu.linkonce.wi.*)
 .debug_info    0x00000000       0xef ./system/src/newlib/exit.o
 .debug_info    0x000000ef      0x11f ./system/src/newlib/sbrk.o
 .debug_info    0x0000020e      0x4f2 ./system/src/newlib/startup.o
 .debug_info    0x00000700      0x1c7 ./system/src/newlib/syscalls.o
 .debug_info    0x000008c7      0x30b ./system/src/diag/trace-impl.o
 .debug_info    0x00000bd2      0x2e7 ./system/src/diag/trace.o
 .debug_info    0x00000eb9      0x8f4 ./system/src/cortexm/exception-handlers.o
 .debug_info    0x000017ad      0x2b8 ./system/src/cortexm/initialize-hardware.o
 .debug_info    0x00001a65      0x502 ./system/src/cmsis/system_stm32f4xx.o
 .debug_info    0x00001f67       0xd1 ./system/src/cmsis/vectors_stm32f401xc.o
 .debug_info    0x00002038      0x63f ./src/RCC.o
 .debug_info    0x00002677      0x14f ./src/main.o

.debug_abbrev   0x00000000      0xd9f
 *(.debug_abbrev)
 .debug_abbrev  0x00000000       0x8e ./system/src/newlib/exit.o
 .debug_abbrev  0x0000008e       0xb9 ./system/src/newlib/sbrk.o
 .debug_abbrev  0x00000147      0x1b6 ./system/src/newlib/startup.o
 .debug_abbrev  0x000002fd       0xec ./system/src/newlib/syscalls.o
 .debug_abbrev  0x000003e9      0x1c8 ./system/src/diag/trace-impl.o
 .debug_abbrev  0x000005b1      0x156 ./system/src/diag/trace.o
 .debug_abbrev  0x00000707      0x247 ./system/src/cortexm/exception-handlers.o
 .debug_abbrev  0x0000094e       0xea ./system/src/cortexm/initialize-hardware.o
 .debug_abbrev  0x00000a38      0x104 ./system/src/cmsis/system_stm32f4xx.o
 .debug_abbrev  0x00000b3c       0x9d ./system/src/cmsis/vectors_stm32f401xc.o
 .debug_abbrev  0x00000bd9      0x147 ./src/RCC.o
 .debug_abbrev  0x00000d20       0x7f ./src/main.o

.debug_line     0x00000000     0x3db6
 *(.debug_line)
 .debug_line    0x00000000      0x320 ./system/src/newlib/exit.o
 .debug_line    0x00000320      0x2d1 ./system/src/newlib/sbrk.o
 .debug_line    0x000005f1      0x399 ./system/src/newlib/startup.o
 .debug_line    0x0000098a      0x3e5 ./system/src/newlib/syscalls.o
 .debug_line    0x00000d6f      0xaab ./system/src/diag/trace-impl.o
 .debug_line    0x0000181a      0x38f ./system/src/diag/trace.o
 .debug_line    0x00001ba9      0xb55 ./system/src/cortexm/exception-handlers.o
 .debug_line    0x000026fe      0x81b ./system/src/cortexm/initialize-hardware.o
 .debug_line    0x00002f19      0x816 ./system/src/cmsis/system_stm32f4xx.o
 .debug_line    0x0000372f       0xff ./system/src/cmsis/vectors_stm32f401xc.o
 .debug_line    0x0000382e      0x292 ./src/RCC.o
 .debug_line    0x00003ac0      0x2f6 ./src/main.o

.debug_frame    0x00000000      0x7c4
 *(.debug_frame)
 .debug_frame   0x00000000       0x38 ./system/src/newlib/exit.o
 .debug_frame   0x00000038       0x28 ./system/src/newlib/sbrk.o
 .debug_frame   0x00000060       0x7c ./system/src/newlib/startup.o
 .debug_frame   0x000000dc       0x50 ./system/src/newlib/syscalls.o
 .debug_frame   0x0000012c       0x60 ./system/src/diag/trace-impl.o
 .debug_frame   0x0000018c       0x94 ./system/src/diag/trace.o
 .debug_frame   0x00000220      0x158 ./system/src/cortexm/exception-handlers.o
 .debug_frame   0x00000378       0x40 ./system/src/cortexm/initialize-hardware.o
 .debug_frame   0x000003b8       0x30 ./system/src/cmsis/system_stm32f4xx.o
 .debug_frame   0x000003e8       0x20 ./system/src/cmsis/vectors_stm32f401xc.o
 .debug_frame   0x00000408       0xd0 ./src/RCC.o
 .debug_frame   0x000004d8       0x28 ./src/main.o
 .debug_frame   0x00000500       0x20 c:/users/omar/desktop/arm_stm32f401/tools/arm gcc/bin/../lib/gcc/arm-none-eabi/5.4.1/../../../../arm-none-eabi/lib/armv7e-m\libg_nano.a(lib_a-errno.o)
 .debug_frame   0x00000520       0x48 c:/users/omar/desktop/arm_stm32f401/tools/arm gcc/bin/../lib/gcc/arm-none-eabi/5.4.1/../../../../arm-none-eabi/lib/armv7e-m\libg_nano.a(lib_a-vsnprintf.o)
 .debug_frame   0x00000568       0x90 c:/users/omar/desktop/arm_stm32f401/tools/arm gcc/bin/../lib/gcc/arm-none-eabi/5.4.1/../../../../arm-none-eabi/lib/armv7e-m\libg_nano.a(lib_a-nano-svfprintf.o)
 .debug_frame   0x000005f8       0x60 c:/users/omar/desktop/arm_stm32f401/tools/arm gcc/bin/../lib/gcc/arm-none-eabi/5.4.1/../../../../arm-none-eabi/lib/armv7e-m\libg_nano.a(lib_a-nano-vfprintf_i.o)
 .debug_frame   0x00000658       0x28 c:/users/omar/desktop/arm_stm32f401/tools/arm gcc/bin/../lib/gcc/arm-none-eabi/5.4.1/../../../../arm-none-eabi/lib/armv7e-m\libg_nano.a(lib_a-memcpy-stub.o)
 .debug_frame   0x00000680       0x28 c:/users/omar/desktop/arm_stm32f401/tools/arm gcc/bin/../lib/gcc/arm-none-eabi/5.4.1/../../../../arm-none-eabi/lib/armv7e-m\libg_nano.a(lib_a-memmove.o)
 .debug_frame   0x000006a8       0x38 c:/users/omar/desktop/arm_stm32f401/tools/arm gcc/bin/../lib/gcc/arm-none-eabi/5.4.1/../../../../arm-none-eabi/lib/armv7e-m\libg_nano.a(lib_a-nano-freer.o)
 .debug_frame   0x000006e0       0x2c c:/users/omar/desktop/arm_stm32f401/tools/arm gcc/bin/../lib/gcc/arm-none-eabi/5.4.1/../../../../arm-none-eabi/lib/armv7e-m\libg_nano.a(lib_a-nano-mallocr.o)
 .debug_frame   0x0000070c       0x3c c:/users/omar/desktop/arm_stm32f401/tools/arm gcc/bin/../lib/gcc/arm-none-eabi/5.4.1/../../../../arm-none-eabi/lib/armv7e-m\libg_nano.a(lib_a-nano-reallocr.o)
 .debug_frame   0x00000748       0x2c c:/users/omar/desktop/arm_stm32f401/tools/arm gcc/bin/../lib/gcc/arm-none-eabi/5.4.1/../../../../arm-none-eabi/lib/armv7e-m\libg_nano.a(lib_a-sbrkr.o)
 .debug_frame   0x00000774       0x30 c:/users/omar/desktop/arm_stm32f401/tools/arm gcc/bin/../lib/gcc/arm-none-eabi/5.4.1/../../../../arm-none-eabi/lib/armv7e-m\libg_nano.a(lib_a-mlock.o)
 .debug_frame   0x000007a4       0x20 c:/users/omar/desktop/arm_stm32f401/tools/arm gcc/bin/../lib/gcc/arm-none-eabi/5.4.1/../../../../arm-none-eabi/lib/armv7e-m\libg_nano.a(lib_a-nano-msizer.o)

.debug_str      0x00000000    0xa693d
 *(.debug_str)
 .debug_str     0x00000000     0x6d51 ./system/src/newlib/exit.o
                               0x6ec3 (size before relaxing)
 .debug_str     0x00006d51      0x4dd ./system/src/newlib/sbrk.o
                               0x62ae (size before relaxing)
 .debug_str     0x0000722e      0xc28 ./system/src/newlib/startup.o
                               0x5ec9 (size before relaxing)
 .debug_str     0x00007e56      0xe17 ./system/src/newlib/syscalls.o
                               0x710e (size before relaxing)
 .debug_str     0x00008c6d    0x9c647 ./system/src/diag/trace-impl.o
                              0xa328b (size before relaxing)
 .debug_str     0x000a52b4      0x884 ./system/src/diag/trace.o
                               0x76b4 (size before relaxing)
 .debug_str     0x000a5b38      0x20c ./system/src/cortexm/exception-handlers.o
                              0xa404d (size before relaxing)
 .debug_str     0x000a5d44       0x5d ./system/src/cortexm/initialize-hardware.o
                              0x9f794 (size before relaxing)
 .debug_str     0x000a5da1      0x182 ./system/src/cmsis/system_stm32f4xx.o
                              0x9f894 (size before relaxing)
 .debug_str     0x000a5f23       0x59 ./system/src/cmsis/vectors_stm32f401xc.o
                               0x3081 (size before relaxing)
 .debug_str     0x000a5f7c      0x9b3 ./src/RCC.o
                               0x3a9a (size before relaxing)
 .debug_str     0x000a692f        0xe ./src/main.o
                               0x7610 (size before relaxing)

.debug_loc      0x00000000     0x125a
 *(.debug_loc)
 .debug_loc     0x00000000       0x82 ./system/src/newlib/sbrk.o
 .debug_loc     0x00000082      0x36e ./system/src/newlib/startup.o
 .debug_loc     0x000003f0       0x63 ./system/src/newlib/syscalls.o
 .debug_loc     0x00000453      0x17c ./system/src/diag/trace-impl.o
 .debug_loc     0x000005cf      0x102 ./system/src/diag/trace.o
 .debug_loc     0x000006d1      0x2a8 ./system/src/cortexm/exception-handlers.o
 .debug_loc     0x00000979      0x132 ./system/src/cmsis/system_stm32f4xx.o
 .debug_loc     0x00000aab      0x7af ./src/RCC.o

.debug_macinfo
 *(.debug_macinfo)

.debug_weaknames
 *(.debug_weaknames)

.debug_funcnames
 *(.debug_funcnames)

.debug_typenames
 *(.debug_typenames)

.debug_varnames
 *(.debug_varnames)
OUTPUT(STM32MAIN.elf elf32-littlearm)

.debug_ranges   0x00000000      0x220
 .debug_ranges  0x00000000       0x18 ./system/src/newlib/exit.o
 .debug_ranges  0x00000018       0x10 ./system/src/newlib/sbrk.o
 .debug_ranges  0x00000028       0x30 ./system/src/newlib/startup.o
 .debug_ranges  0x00000058       0x20 ./system/src/newlib/syscalls.o
 .debug_ranges  0x00000078       0x38 ./system/src/diag/trace-impl.o
 .debug_ranges  0x000000b0       0x28 ./system/src/diag/trace.o
 .debug_ranges  0x000000d8       0x98 ./system/src/cortexm/exception-handlers.o
 .debug_ranges  0x00000170       0x18 ./system/src/cortexm/initialize-hardware.o
 .debug_ranges  0x00000188       0x18 ./system/src/cmsis/system_stm32f4xx.o
 .debug_ranges  0x000001a0       0x10 ./system/src/cmsis/vectors_stm32f401xc.o
 .debug_ranges  0x000001b0       0x60 ./src/RCC.o
 .debug_ranges  0x00000210       0x10 ./src/main.o

.debug_macro    0x00000000     0x33e5
 .debug_macro   0x00000000      0x19c ./system/src/newlib/exit.o
 .debug_macro   0x0000019c      0x151 ./system/src/newlib/sbrk.o
 .debug_macro   0x000002ed       0x10 ./system/src/newlib/sbrk.o
 .debug_macro   0x000002fd      0x23b ./system/src/newlib/sbrk.o
 .debug_macro   0x00000538      0x15b ./system/src/newlib/startup.o
 .debug_macro   0x00000693      0x89e ./system/src/newlib/startup.o
 .debug_macro   0x00000f31      0x1ff ./system/src/newlib/syscalls.o
 .debug_macro   0x00001130       0x1c ./system/src/newlib/syscalls.o
 .debug_macro   0x0000114c       0x10 ./system/src/newlib/syscalls.o
 .debug_macro   0x0000115c       0x10 ./system/src/newlib/syscalls.o
 .debug_macro   0x0000116c       0x10 ./system/src/newlib/syscalls.o
 .debug_macro   0x0000117c       0x35 ./system/src/newlib/syscalls.o
 .debug_macro   0x000011b1      0x122 ./system/src/newlib/syscalls.o
 .debug_macro   0x000012d3       0x88 ./system/src/newlib/syscalls.o
 .debug_macro   0x0000135b       0x2b ./system/src/newlib/syscalls.o
 .debug_macro   0x00001386      0x118 ./system/src/newlib/syscalls.o
 .debug_macro   0x0000149e      0x159 ./system/src/newlib/syscalls.o
 .debug_macro   0x000015f7       0x16 ./system/src/newlib/syscalls.o
 .debug_macro   0x0000160d      0x4e2 ./system/src/diag/trace-impl.o
 .debug_macro   0x00001aef       0x10 ./system/src/diag/trace-impl.o
 .debug_macro   0x00001aff      0x307 ./system/src/diag/trace-impl.o
 .debug_macro   0x00001e06       0x22 ./system/src/diag/trace-impl.o
 .debug_macro   0x00001e28      0x1d9 ./system/src/diag/trace.o
 .debug_macro   0x00002001       0x16 ./system/src/diag/trace.o
 .debug_macro   0x00002017       0x97 ./system/src/diag/trace.o
 .debug_macro   0x000020ae       0xfd ./system/src/diag/trace.o
 .debug_macro   0x000021ab       0x10 ./system/src/diag/trace.o
 .debug_macro   0x000021bb       0x16 ./system/src/diag/trace.o
 .debug_macro   0x000021d1      0x18b ./system/src/diag/trace.o
 .debug_macro   0x0000235c       0x4c ./system/src/diag/trace.o
 .debug_macro   0x000023a8       0x16 ./system/src/diag/trace.o
 .debug_macro   0x000023be      0x528 ./system/src/cortexm/exception-handlers.o
 .debug_macro   0x000028e6       0x10 ./system/src/cortexm/exception-handlers.o
 .debug_macro   0x000028f6      0x390 ./system/src/cortexm/initialize-hardware.o
 .debug_macro   0x00002c86      0x38c ./system/src/cmsis/system_stm32f4xx.o
 .debug_macro   0x00003012       0x34 ./system/src/cmsis/vectors_stm32f401xc.o
 .debug_macro   0x00003046       0x8d ./src/RCC.o
 .debug_macro   0x000030d3      0x178 ./src/RCC.o
 .debug_macro   0x0000324b      0x19a ./src/main.o
